// Jest Snapshot v1, https://goo.gl/fbAQLP

exports[`CheckedFocused.svg generated styled component renders correctly according to snapshot 1`] = `
.c0 {
  width: 14px;
  height: 14px;
}

<svg
  className="c0"
  size={null}
  sizes={
    Object {
      "large": Object {
        "height": 36,
        "width": 36,
      },
      "medium": Object {
        "height": 24,
        "width": 24,
      },
      "small": Object {
        "height": 18,
        "width": 18,
      },
    }
  }
  viewBox="0 0 14 14"
>
  <defs>
    <circle
      cx="7"
      cy="7"
      id="s-c19cde862f-a"
      r="7"
    />
  </defs>
  <g
    fill="none"
    fillRule="evenodd"
  >
    <use
      fill="#FFF"
      xlinkHref="#s-c19cde862f-a"
    />
    <circle
      cx="7"
      cy="7"
      r="6.5"
      stroke="#FF7500"
    />
    <circle
      cx="7"
      cy="7"
      r="7.5"
      stroke="#FFF"
    />
    <circle
      cx="7"
      cy="7"
      fill="#FF7500"
      r="3"
    />
  </g>
</svg>
`;
