// Jest Snapshot v1, https://goo.gl/fbAQLP

exports[`CheckedFocused.svg generated styled component renders correctly according to snapshot 1`] = `
.c0 {
  width: 14px;
  height: 14px;
}

<svg
  className="c0"
  viewBox="0 0 14 14"
>
  <defs
    key="key-1"
  >
    <circle
      cx="7"
      cy="7"
      id="s-c19cde862f-a"
      key="s-c19cde862f-a"
      r="7"
    />
  </defs>
  <g
    fill="none"
    fillRule="evenodd"
    key="key-4"
  >
    <use
      fill="#FFF"
      key="key-5"
      xlinkHref="#s-c19cde862f-a"
    />
    <circle
      cx="7"
      cy="7"
      key="key-6"
      r="6.5"
      stroke="#FF7500"
    />
    <circle
      cx="7"
      cy="7"
      key="key-7"
      r="7.5"
      stroke="#FFF"
    />
    <circle
      cx="7"
      cy="7"
      fill="#FF7500"
      key="key-8"
      r="3"
    />
  </g>
</svg>
`;
