// Jest Snapshot v1, https://goo.gl/fbAQLP

exports[`Warning.svg generated styled component renders correctly according to snapshot 1`] = `
.c0 {
  width: 18px;
  height: 18px;
}

<svg
  className="c0"
  size={null}
  sizes={
    Object {
      "large": Object {
        "height": 36,
        "width": 36,
      },
      "medium": Object {
        "height": 24,
        "width": 24,
      },
      "small": Object {
        "height": 18,
        "width": 18,
      },
    }
  }
  viewBox="0 0 18 18"
>
  <g
    fill="none"
    fillRule="evenodd"
  >
    <path
      d="M7.236 1.095L5.68 4.193.204 15.143A2 2 0 0 0 2.011 18h14a2 2 0 0 0 2-2c0-.306-.074-.592-.197-.851l-5.47-10.956-1.558-3.098A1.993 1.993 0 0 0 9.011 0c-.777 0-1.443.448-1.775 1.095z"
      fill="#FFCF29"
    />
    <path
      d="M9.02 12a1 1 0 0 1-1-1V5a1 1 0 0 1 2.001 0v6a1 1 0 0 1-1 1m0 4c-.261 0-.521-.11-.712-.29-.18-.19-.29-.44-.29-.71 0-.27.11-.52.29-.71.37-.37 1.042-.37 1.422 0 .18.19.29.45.29.71 0 .26-.11.52-.29.71-.19.18-.45.29-.71.29"
      fill="#333"
    />
  </g>
</svg>
`;
